
> ams-frontend@1.0.0 dev
> next dev -p 3000

▲ Next.js 16.2.6 (Turbopack)
- Local:         http://localhost:3000
- Network:       http://10.10.8.242:3000
- Environments: .env.local
✓ Ready in 873ms

 GET / 200 in 940ms (next.js: 340ms, application-code: 600ms)
 GET /login 200 in 99ms (next.js: 52ms, application-code: 47ms)
 GET / 200 in 50ms (next.js: 8ms, application-code: 42ms)
 GET /reports/zamani-traffic 200 in 94ms (next.js: 56ms, application-code: 38ms)
 GET /reports/zamani-traffic 200 in 319ms (next.js: 238ms, application-code: 81ms)
 GET /reports/zamani-traffic 200 in 267ms (next.js: 172ms, application-code: 95ms)
[browser] [Socket] Connection error: websocket error 
    at Socket.<anonymous> (lib/socket.ts:45:13)
  43 |
  44 |   _socket.on('connect_error', (err) => {
> 45 |     console.error('[Socket] Connection error:', err.message);
     |             ^
  46 |   });
  47 |
  48 |   return _socket; (lib/socket.ts:45:13)
[browser] [Socket] Connection error: websocket error 
    at Socket.<anonymous> (lib/socket.ts:45:13)
  43 |
  44 |   _socket.on('connect_error', (err) => {
> 45 |     console.error('[Socket] Connection error:', err.message);
     |             ^
  46 |   });
  47 |
  48 |   return _socket; (lib/socket.ts:45:13)
[browser] [Socket] Connection error: Invalid token 
    at Socket.<anonymous> (lib/socket.ts:45:13)
  43 |
  44 |   _socket.on('connect_error', (err) => {
> 45 |     console.error('[Socket] Connection error:', err.message);
     |             ^
  46 |   });
  47 |
  48 |   return _socket; (lib/socket.ts:45:13)
✓ Compiled in 396ms
 GET /reports/zamani-traffic 200 in 348ms (next.js: 237ms, application-code: 111ms)
✓ Compiled in 529ms
 GET /reports/zamani-traffic 200 in 443ms (next.js: 205ms, application-code: 238ms)
 GET /reports/zamani-traffic 200 in 144ms (next.js: 13ms, application-code: 131ms)
 GET /reports/zamani-traffic 200 in 53ms (next.js: 6ms, application-code: 47ms)
 GET /reports/zamani-traffic 200 in 728ms (next.js: 8ms, application-code: 720ms)
 GET /login 200 in 82ms (next.js: 28ms, application-code: 54ms)
 GET / 200 in 69ms (next.js: 22ms, application-code: 46ms)
 GET /reports/zamani-traffic 200 in 61ms (next.js: 12ms, application-code: 50ms)
 GET /reports/zamani-traffic 200 in 103ms (next.js: 9ms, application-code: 95ms)
 GET /login 200 in 58ms (next.js: 9ms, application-code: 50ms)
 GET / 200 in 65ms (next.js: 10ms, application-code: 55ms)
 GET /reports/zamani-traffic 200 in 56ms (next.js: 6ms, application-code: 49ms)
 GET /reports/zamani-traffic 200 in 116ms (next.js: 6ms, application-code: 110ms)
 GET /login 200 in 84ms (next.js: 7ms, application-code: 77ms)
 GET / 200 in 47ms (next.js: 7ms, application-code: 39ms)
 GET /reports/zamani-traffic 200 in 57ms (next.js: 6ms, application-code: 51ms)
[browser] The width(180) and height(180) are both fixed numbers,
       maybe you don't need to use a ResponsiveContainer.
[browser] The width(180) and height(180) are both fixed numbers,
       maybe you don't need to use a ResponsiveContainer.
[browser] The width(180) and height(180) are both fixed numbers,
       maybe you don't need to use a ResponsiveContainer.
[browser] The width(180) and height(180) are both fixed numbers,
       maybe you don't need to use a ResponsiveContainer.
[browser] The width(180) and height(180) are both fixed numbers,
       maybe you don't need to use a ResponsiveContainer.
[browser] The width(180) and height(180) are both fixed numbers,
       maybe you don't need to use a ResponsiveContainer.
[browser] The width(180) and height(180) are both fixed numbers,
       maybe you don't need to use a ResponsiveContainer.
[browser] The width(180) and height(180) are both fixed numbers,
       maybe you don't need to use a ResponsiveContainer.
[browser] The width(180) and height(180) are both fixed numbers,
       maybe you don't need to use a ResponsiveContainer.
[browser] The width(180) and height(180) are both fixed numbers,
       maybe you don't need to use a ResponsiveContainer.
[browser] The width(180) and height(180) are both fixed numbers,
       maybe you don't need to use a ResponsiveContainer.
[browser] The width(180) and height(180) are both fixed numbers,
       maybe you don't need to use a ResponsiveContainer.
[browser] The width(180) and height(180) are both fixed numbers,
       maybe you don't need to use a ResponsiveContainer.
[browser] The width(180) and height(180) are both fixed numbers,
       maybe you don't need to use a ResponsiveContainer.
[browser] The width(180) and height(180) are both fixed numbers,
       maybe you don't need to use a ResponsiveContainer.
[browser] The width(180) and height(180) are both fixed numbers,
       maybe you don't need to use a ResponsiveContainer.
✓ Compiled in 296ms
 GET /reports/zamani-traffic 200 in 326ms (next.js: 228ms, application-code: 98ms)
[browser] The width(180) and height(180) are both fixed numbers,
       maybe you don't need to use a ResponsiveContainer. (<anonymous>)
[browser] The width(180) and height(180) are both fixed numbers,
       maybe you don't need to use a ResponsiveContainer. (<anonymous>)
[browser] The width(180) and height(180) are both fixed numbers,
       maybe you don't need to use a ResponsiveContainer. (<anonymous>)
[browser] The width(180) and height(180) are both fixed numbers,
       maybe you don't need to use a ResponsiveContainer. (<anonymous>)
[browser] The width(180) and height(180) are both fixed numbers,
       maybe you don't need to use a ResponsiveContainer.
[browser] The width(180) and height(180) are both fixed numbers,
       maybe you don't need to use a ResponsiveContainer.
[browser] The width(180) and height(180) are both fixed numbers,
       maybe you don't need to use a ResponsiveContainer.
[browser] The width(180) and height(180) are both fixed numbers,
       maybe you don't need to use a ResponsiveContainer.
✓ Compiled in 223ms
 GET /reports/zamani-traffic 200 in 246ms (next.js: 174ms, application-code: 72ms)
[browser] The width(180) and height(180) are both fixed numbers,
       maybe you don't need to use a ResponsiveContainer.
[browser] The width(180) and height(180) are both fixed numbers,
       maybe you don't need to use a ResponsiveContainer.
[browser] The width(180) and height(180) are both fixed numbers,
       maybe you don't need to use a ResponsiveContainer.
[browser] The width(180) and height(180) are both fixed numbers,
       maybe you don't need to use a ResponsiveContainer.
✓ Compiled in 258ms
 GET /reports/zamani-traffic 200 in 273ms (next.js: 191ms, application-code: 82ms)
✓ Compiled in 271ms
[browser] The width(180) and height(180) are both fixed numbers,
       maybe you don't need to use a ResponsiveContainer.
[browser] The width(180) and height(180) are both fixed numbers,
       maybe you don't need to use a ResponsiveContainer.
[browser] The width(180) and height(180) are both fixed numbers,
       maybe you don't need to use a ResponsiveContainer.
[browser] The width(180) and height(180) are both fixed numbers,
       maybe you don't need to use a ResponsiveContainer.
 GET /reports/zamani-traffic 200 in 286ms (next.js: 197ms, application-code: 89ms)
[browser] The width(180) and height(180) are both fixed numbers,
       maybe you don't need to use a ResponsiveContainer.
[browser] The width(180) and height(180) are both fixed numbers,
       maybe you don't need to use a ResponsiveContainer.
[browser] The width(180) and height(180) are both fixed numbers,
       maybe you don't need to use a ResponsiveContainer.
[browser] The width(180) and height(180) are both fixed numbers,
       maybe you don't need to use a ResponsiveContainer.
✓ Compiled in 238ms
[browser] The width(180) and height(180) are both fixed numbers,
       maybe you don't need to use a ResponsiveContainer. (<anonymous>)
[browser] The width(180) and height(180) are both fixed numbers,
       maybe you don't need to use a ResponsiveContainer. (<anonymous>)
[browser] The width(180) and height(180) are both fixed numbers,
       maybe you don't need to use a ResponsiveContainer. (<anonymous>)
[browser] The width(180) and height(180) are both fixed numbers,
       maybe you don't need to use a ResponsiveContainer. (<anonymous>)
 GET /reports/zamani-traffic 200 in 300ms (next.js: 211ms, application-code: 89ms)
[browser] The width(180) and height(180) are both fixed numbers,
       maybe you don't need to use a ResponsiveContainer.
[browser] The width(180) and height(180) are both fixed numbers,
       maybe you don't need to use a ResponsiveContainer.
[browser] The width(180) and height(180) are both fixed numbers,
       maybe you don't need to use a ResponsiveContainer.
[browser] The width(180) and height(180) are both fixed numbers,
       maybe you don't need to use a ResponsiveContainer.
✓ Compiled in 228ms
 GET /reports/zamani-traffic 200 in 293ms (next.js: 194ms, application-code: 98ms)
[browser] The width(180) and height(180) are both fixed numbers,
       maybe you don't need to use a ResponsiveContainer.
[browser] The width(180) and height(180) are both fixed numbers,
       maybe you don't need to use a ResponsiveContainer.
[browser] The width(180) and height(180) are both fixed numbers,
       maybe you don't need to use a ResponsiveContainer.
[browser] The width(180) and height(180) are both fixed numbers,
       maybe you don't need to use a ResponsiveContainer.
[browser] The width(180) and height(180) are both fixed numbers,
       maybe you don't need to use a ResponsiveContainer.
[browser] The width(180) and height(180) are both fixed numbers,
       maybe you don't need to use a ResponsiveContainer.
[browser] The width(180) and height(180) are both fixed numbers,
       maybe you don't need to use a ResponsiveContainer.
[browser] The width(180) and height(180) are both fixed numbers,
       maybe you don't need to use a ResponsiveContainer.
[browser] The width(180) and height(180) are both fixed numbers,
       maybe you don't need to use a ResponsiveContainer.
[browser] The width(180) and height(180) are both fixed numbers,
       maybe you don't need to use a ResponsiveContainer.
[browser] The width(180) and height(180) are both fixed numbers,
       maybe you don't need to use a ResponsiveContainer.
[browser] The width(180) and height(180) are both fixed numbers,
       maybe you don't need to use a ResponsiveContainer.
 GET /reports/zamani-traffic 200 in 822ms (next.js: 8ms, application-code: 814ms)
 GET /login 200 in 65ms (next.js: 25ms, application-code: 40ms)
 GET / 200 in 65ms (next.js: 21ms, application-code: 44ms)
 GET /reports/zamani-traffic 200 in 44ms (next.js: 7ms, application-code: 37ms)
[browser] The width(180) and height(180) are both fixed numbers,
       maybe you don't need to use a ResponsiveContainer.
[browser] The width(180) and height(180) are both fixed numbers,
       maybe you don't need to use a ResponsiveContainer.
[browser] The width(180) and height(180) are both fixed numbers,
       maybe you don't need to use a ResponsiveContainer.
[browser] The width(180) and height(180) are both fixed numbers,
       maybe you don't need to use a ResponsiveContainer.
[browser] The width(180) and height(180) are both fixed numbers,
       maybe you don't need to use a ResponsiveContainer.
[browser] The width(180) and height(180) are both fixed numbers,
       maybe you don't need to use a ResponsiveContainer.
[browser] The width(180) and height(180) are both fixed numbers,
       maybe you don't need to use a ResponsiveContainer.
[browser] The width(180) and height(180) are both fixed numbers,
       maybe you don't need to use a ResponsiveContainer.
✓ Compiled in 253ms
 GET /reports/zamani-traffic 200 in 326ms (next.js: 224ms, application-code: 102ms)
✓ Compiled in 548ms
⨯ ./app/(dashboard)/reports/zamani-traffic/page.tsx:796:14
Unexpected token. Did you mean `{'}'}` or `&rbrace;`?
  [90m794 |[0m                 )}
  [90m795 |[0m               </div>
[31m[1m>[0m [90m796 |[0m             )}
  [90m    |[0m              [31m[1m^[0m
  [90m797 |[0m           </>
  [90m798 |[0m         )}
  [90m799 |[0m

Parsing ecmascript source code failed

Import traces:
  Client Component Browser:
    ./app/(dashboard)/reports/zamani-traffic/page.tsx [Client Component Browser]
    ./app/(dashboard)/reports/zamani-traffic/page.tsx [Server Component]

  Client Component SSR:
    ./app/(dashboard)/reports/zamani-traffic/page.tsx [Client Component SSR]
    ./app/(dashboard)/reports/zamani-traffic/page.tsx [Server Component]


 GET /reports/zamani-traffic 500 in 2.2s (next.js: 1877ms, application-code: 323ms)
⨯ ./app/(dashboard)/reports/zamani-traffic/page.tsx:796:14
Unexpected token. Did you mean `{'}'}` or `&rbrace;`?
  [90m794 |[0m                 )}
  [90m795 |[0m               </div>
[31m[1m>[0m [90m796 |[0m             )}
  [90m    |[0m              [31m[1m^[0m
  [90m797 |[0m           </>
  [90m798 |[0m         )}
  [90m799 |[0m

Parsing ecmascript source code failed

Import traces:
  Client Component Browser:
    ./app/(dashboard)/reports/zamani-traffic/page.tsx [Client Component Browser]
    ./app/(dashboard)/reports/zamani-traffic/page.tsx [Server Component]

  Client Component SSR:
    ./app/(dashboard)/reports/zamani-traffic/page.tsx [Client Component SSR]
    ./app/(dashboard)/reports/zamani-traffic/page.tsx [Server Component]


 GET /reports/zamani-traffic 500 in 36ms (next.js: 24ms, application-code: 12ms)
⨯ ./app/(dashboard)/reports/zamani-traffic/page.tsx:796:14
Unexpected token. Did you mean `{'}'}` or `&rbrace;`?
  [90m794 |[0m                 )}
  [90m795 |[0m               </div>
[31m[1m>[0m [90m796 |[0m             )}
  [90m    |[0m              [31m[1m^[0m
  [90m797 |[0m           </>
  [90m798 |[0m         )}
  [90m799 |[0m

Parsing ecmascript source code failed

Import traces:
  Client Component Browser:
    ./app/(dashboard)/reports/zamani-traffic/page.tsx [Client Component Browser]
    ./app/(dashboard)/reports/zamani-traffic/page.tsx [Server Component]

  Client Component SSR:
    ./app/(dashboard)/reports/zamani-traffic/page.tsx [Client Component SSR]
    ./app/(dashboard)/reports/zamani-traffic/page.tsx [Server Component]


⨯ ./app/(dashboard)/reports/zamani-traffic/page.tsx:796:14
Unexpected token. Did you mean `{'}'}` or `&rbrace;`?
  [90m794 |[0m                 )}
  [90m795 |[0m               </div>
[31m[1m>[0m [90m796 |[0m             )}
  [90m    |[0m              [31m[1m^[0m
  [90m797 |[0m           </>
  [90m798 |[0m         )}
  [90m799 |[0m

Parsing ecmascript source code failed

Import traces:
  Client Component Browser:
    ./app/(dashboard)/reports/zamani-traffic/page.tsx [Client Component Browser]
    ./app/(dashboard)/reports/zamani-traffic/page.tsx [Server Component]

  Client Component SSR:
    ./app/(dashboard)/reports/zamani-traffic/page.tsx [Client Component SSR]
    ./app/(dashboard)/reports/zamani-traffic/page.tsx [Server Component]


 GET /reports/zamani-traffic 500 in 39ms (next.js: 18ms, application-code: 20ms)
 GET /reports/zamani-traffic 500 in 36ms (next.js: 26ms, application-code: 10ms)
[browser] Uncaught Error: ./app/(dashboard)/reports/zamani-traffic/page.tsx:796:14
Unexpected token. Did you mean `{'}'}` or `&rbrace;`?
  794 |                 )}
  795 |               </div>
> 796 |             )}
      |              ^
  797 |           </>
  798 |         )}
  799 |

Parsing ecmascript source code failed

Import traces:
  Client Component Browser:
    ./app/(dashboard)/reports/zamani-traffic/page.tsx [Client Component Browser]
    ./app/(dashboard)/reports/zamani-traffic/page.tsx [Server Component]

  Client Component SSR:
    ./app/(dashboard)/reports/zamani-traffic/page.tsx [Client Component SSR]
    ./app/(dashboard)/reports/zamani-traffic/page.tsx [Server Component]


    at <unknown> (Error: ./app/(dashboard)/reports/zamani-traffic/page.tsx:796:14)
    at <unknown> (Error: (./app/(dashboard)/reports/zamani-traffic/page.tsx:796:14)
 GET /reports/zamani-traffic 200 in 1105ms (next.js: 276ms, application-code: 830ms)
 GET /reports/zamani-traffic 200 in 272ms (next.js: 124ms, application-code: 148ms)
 GET /login 200 in 66ms (next.js: 26ms, application-code: 40ms)
 GET / 200 in 94ms (next.js: 25ms, application-code: 69ms)
 GET /reports/zamani-traffic 200 in 46ms (next.js: 5ms, application-code: 42ms)
✓ Compiled in 298ms
 GET /reports/zamani-traffic 200 in 392ms (next.js: 184ms, application-code: 208ms)
 GET /reports/zamani-traffic 200 in 140ms (next.js: 5ms, application-code: 135ms)
 GET /reports/zamani-traffic 200 in 64ms (next.js: 5ms, application-code: 58ms)
 GET /reports/zamani-traffic 200 in 625ms (next.js: 5ms, application-code: 621ms)
 GET /login 200 in 70ms (next.js: 25ms, application-code: 44ms)
 GET / 200 in 88ms (next.js: 36ms, application-code: 52ms)
 GET /reports/zamani-traffic 200 in 51ms (next.js: 7ms, application-code: 44ms)
✓ Compiled in 220ms
 GET /reports/zamani-traffic 200 in 240ms (next.js: 155ms, application-code: 86ms)
 GET /reports/zamani-traffic 200 in 564ms (next.js: 5ms, application-code: 559ms)
 GET /login 200 in 62ms (next.js: 24ms, application-code: 38ms)
 GET / 200 in 58ms (next.js: 20ms, application-code: 38ms)
 GET /reports/zamani-traffic 200 in 44ms (next.js: 9ms, application-code: 35ms)
✓ Compiled in 280ms
 GET /reports/zamani-traffic 200 in 280ms (next.js: 189ms, application-code: 91ms)
[browser] The width(180) and height(180) are both fixed numbers,
       maybe you don't need to use a ResponsiveContainer.
[browser] The width(180) and height(180) are both fixed numbers,
       maybe you don't need to use a ResponsiveContainer.
[browser] The width(180) and height(180) are both fixed numbers,
       maybe you don't need to use a ResponsiveContainer.
[browser] The width(180) and height(180) are both fixed numbers,
       maybe you don't need to use a ResponsiveContainer.
[browser] The width(180) and height(180) are both fixed numbers,
       maybe you don't need to use a ResponsiveContainer.
[browser] The width(180) and height(180) are both fixed numbers,
       maybe you don't need to use a ResponsiveContainer.
[browser] The width(180) and height(180) are both fixed numbers,
       maybe you don't need to use a ResponsiveContainer.
[browser] The width(180) and height(180) are both fixed numbers,
       maybe you don't need to use a ResponsiveContainer.
✓ Compiled in 254ms
 GET /reports/zamani-traffic 200 in 261ms (next.js: 174ms, application-code: 87ms)
✓ Compiled in 229ms
 GET /reports/zamani-traffic 200 in 277ms (next.js: 193ms, application-code: 84ms)
[browser] Uncaught ReferenceError: mMetric is not defined
    at eval (app/(dashboard)/reports/zamani-traffic/page.tsx:732:41)
    at Array.map (<anonymous>)
    at ZamaniTrafficPage (app/(dashboard)/reports/zamani-traffic/page.tsx:728:71)
  730 |                             padding: '5px 13px', borderRadius: 6, border: '1px solid var(...
  731 |                             fontWeight: 700, cursor: 'pointer', transition: '.12s', lette...
> 732 |                             background: mMetric === m ? 'var(--turquoise)' : 'var(--sf2)',
      |                                         ^
  733 |                             color: mMetric === m ? '#fff' : 'var(--mu)',
  734 |                             boxShadow: mMetric === m ? '0 2px 0 var(--green-sea)' : 'none',
  735 |                           }}>
✓ Compiled in 258ms
⚠ Fast Refresh had to perform a full reload due to a runtime error.
 GET /reports/zamani-traffic 200 in 799ms (next.js: 161ms, application-code: 637ms)
 GET /login 200 in 58ms (next.js: 23ms, application-code: 34ms)
✓ Compiled in 231ms
 GET /login 200 in 249ms (next.js: 170ms, application-code: 79ms)
 GET / 200 in 51ms (next.js: 17ms, application-code: 35ms)
 GET /reports/zamani-traffic 200 in 255ms (next.js: 185ms, application-code: 70ms)
[browser] The width(180) and height(180) are both fixed numbers,
       maybe you don't need to use a ResponsiveContainer.
[browser] The width(180) and height(180) are both fixed numbers,
       maybe you don't need to use a ResponsiveContainer.
[browser] The width(180) and height(180) are both fixed numbers,
       maybe you don't need to use a ResponsiveContainer.
[browser] The width(180) and height(180) are both fixed numbers,
       maybe you don't need to use a ResponsiveContainer.
✓ Compiled in 259ms
 GET /reports/zamani-traffic 200 in 262ms (next.js: 192ms, application-code: 71ms)
✓ Compiled in 300ms
 GET /reports/zamani-traffic 200 in 325ms (next.js: 234ms, application-code: 92ms)
✓ Compiled in 256ms
 GET /reports/zamani-traffic 200 in 267ms (next.js: 174ms, application-code: 92ms)
[browser] The width(180) and height(180) are both fixed numbers,
       maybe you don't need to use a ResponsiveContainer.
[browser] The width(180) and height(180) are both fixed numbers,
       maybe you don't need to use a ResponsiveContainer.
[browser] The width(180) and height(180) are both fixed numbers,
       maybe you don't need to use a ResponsiveContainer.
[browser] The width(180) and height(180) are both fixed numbers,
       maybe you don't need to use a ResponsiveContainer.
[browser] The width(180) and height(180) are both fixed numbers,
       maybe you don't need to use a ResponsiveContainer.
[browser] The width(180) and height(180) are both fixed numbers,
       maybe you don't need to use a ResponsiveContainer.
[browser] The width(180) and height(180) are both fixed numbers,
       maybe you don't need to use a ResponsiveContainer.
[browser] The width(180) and height(180) are both fixed numbers,
       maybe you don't need to use a ResponsiveContainer.
✓ Compiled in 256ms
 GET /reports/zamani-traffic 200 in 247ms (next.js: 177ms, application-code: 70ms)
✓ Compiled in 220ms
 GET /reports/zamani-traffic 200 in 225ms (next.js: 158ms, application-code: 67ms)
[browser] The width(180) and height(180) are both fixed numbers,
       maybe you don't need to use a ResponsiveContainer. (<anonymous>)
[browser] The width(180) and height(180) are both fixed numbers,
       maybe you don't need to use a ResponsiveContainer. (<anonymous>)
[browser] The width(180) and height(180) are both fixed numbers,
       maybe you don't need to use a ResponsiveContainer. (<anonymous>)
[browser] The width(180) and height(180) are both fixed numbers,
       maybe you don't need to use a ResponsiveContainer. (<anonymous>)
[browser] The width(180) and height(180) are both fixed numbers,
       maybe you don't need to use a ResponsiveContainer.
[browser] The width(180) and height(180) are both fixed numbers,
       maybe you don't need to use a ResponsiveContainer.
[browser] The width(180) and height(180) are both fixed numbers,
       maybe you don't need to use a ResponsiveContainer.
[browser] The width(180) and height(180) are both fixed numbers,
       maybe you don't need to use a ResponsiveContainer.
[browser] The width(180) and height(180) are both fixed numbers,
       maybe you don't need to use a ResponsiveContainer. (<anonymous>)
[browser] The width(180) and height(180) are both fixed numbers,
       maybe you don't need to use a ResponsiveContainer. (<anonymous>)
[browser] The width(180) and height(180) are both fixed numbers,
       maybe you don't need to use a ResponsiveContainer. (<anonymous>)
[browser] The width(180) and height(180) are both fixed numbers,
       maybe you don't need to use a ResponsiveContainer. (<anonymous>)
[browser] The width(180) and height(180) are both fixed numbers,
       maybe you don't need to use a ResponsiveContainer.
[browser] The width(180) and height(180) are both fixed numbers,
       maybe you don't need to use a ResponsiveContainer.
[browser] The width(180) and height(180) are both fixed numbers,
       maybe you don't need to use a ResponsiveContainer.
[browser] The width(180) and height(180) are both fixed numbers,
       maybe you don't need to use a ResponsiveContainer.
[browser] The width(180) and height(180) are both fixed numbers,
       maybe you don't need to use a ResponsiveContainer.
[browser] The width(180) and height(180) are both fixed numbers,
       maybe you don't need to use a ResponsiveContainer.
[browser] The width(180) and height(180) are both fixed numbers,
       maybe you don't need to use a ResponsiveContainer.
[browser] The width(180) and height(180) are both fixed numbers,
       maybe you don't need to use a ResponsiveContainer.
[browser] The width(180) and height(180) are both fixed numbers,
       maybe you don't need to use a ResponsiveContainer.
[browser] The width(180) and height(180) are both fixed numbers,
       maybe you don't need to use a ResponsiveContainer.
[browser] The width(180) and height(180) are both fixed numbers,
       maybe you don't need to use a ResponsiveContainer.
[browser] The width(180) and height(180) are both fixed numbers,
       maybe you don't need to use a ResponsiveContainer.
✓ Compiled in 254ms
[browser] The width(180) and height(180) are both fixed numbers,
       maybe you don't need to use a ResponsiveContainer. (<anonymous>)
[browser] The width(180) and height(180) are both fixed numbers,
       maybe you don't need to use a ResponsiveContainer. (<anonymous>)
[browser] The width(180) and height(180) are both fixed numbers,
       maybe you don't need to use a ResponsiveContainer. (<anonymous>)
[browser] The width(180) and height(180) are both fixed numbers,
       maybe you don't need to use a ResponsiveContainer. (<anonymous>)
 GET /reports/zamani-traffic 200 in 279ms (next.js: 205ms, application-code: 75ms)
[browser] The width(180) and height(180) are both fixed numbers,
       maybe you don't need to use a ResponsiveContainer.
[browser] The width(180) and height(180) are both fixed numbers,
       maybe you don't need to use a ResponsiveContainer.
[browser] The width(180) and height(180) are both fixed numbers,
       maybe you don't need to use a ResponsiveContainer.
[browser] The width(180) and height(180) are both fixed numbers,
       maybe you don't need to use a ResponsiveContainer.
[browser] The width(180) and height(180) are both fixed numbers,
       maybe you don't need to use a ResponsiveContainer.
[browser] The width(180) and height(180) are both fixed numbers,
       maybe you don't need to use a ResponsiveContainer.
[browser] The width(180) and height(180) are both fixed numbers,
       maybe you don't need to use a ResponsiveContainer.
[browser] The width(180) and height(180) are both fixed numbers,
       maybe you don't need to use a ResponsiveContainer.
[browser] The width(180) and height(180) are both fixed numbers,
       maybe you don't need to use a ResponsiveContainer.
[browser] The width(180) and height(180) are both fixed numbers,
       maybe you don't need to use a ResponsiveContainer.
[browser] The width(180) and height(180) are both fixed numbers,
       maybe you don't need to use a ResponsiveContainer.
[browser] The width(180) and height(180) are both fixed numbers,
       maybe you don't need to use a ResponsiveContainer.
[browser] The width(180) and height(180) are both fixed numbers,
       maybe you don't need to use a ResponsiveContainer.
[browser] The width(180) and height(180) are both fixed numbers,
       maybe you don't need to use a ResponsiveContainer.
[browser] The width(180) and height(180) are both fixed numbers,
       maybe you don't need to use a ResponsiveContainer.
[browser] The width(180) and height(180) are both fixed numbers,
       maybe you don't need to use a ResponsiveContainer.
[browser] The width(180) and height(180) are both fixed numbers,
       maybe you don't need to use a ResponsiveContainer.
[browser] The width(180) and height(180) are both fixed numbers,
       maybe you don't need to use a ResponsiveContainer.
[browser] The width(180) and height(180) are both fixed numbers,
       maybe you don't need to use a ResponsiveContainer.
[browser] The width(180) and height(180) are both fixed numbers,
       maybe you don't need to use a ResponsiveContainer.
[browser] The width(180) and height(180) are both fixed numbers,
       maybe you don't need to use a ResponsiveContainer.
[browser] The width(180) and height(180) are both fixed numbers,
       maybe you don't need to use a ResponsiveContainer.
[browser] The width(180) and height(180) are both fixed numbers,
       maybe you don't need to use a ResponsiveContainer.
[browser] The width(180) and height(180) are both fixed numbers,
       maybe you don't need to use a ResponsiveContainer.
[browser] The width(180) and height(180) are both fixed numbers,
       maybe you don't need to use a ResponsiveContainer.
[browser] The width(180) and height(180) are both fixed numbers,
       maybe you don't need to use a ResponsiveContainer.
✓ Compiled in 245ms
[browser] The width(180) and height(180) are both fixed numbers,
       maybe you don't need to use a ResponsiveContainer. (<anonymous>)
[browser] The width(180) and height(180) are both fixed numbers,
       maybe you don't need to use a ResponsiveContainer. (<anonymous>)
[browser] The width(180) and height(180) are both fixed numbers,
       maybe you don't need to use a ResponsiveContainer. (<anonymous>)
[browser] The width(180) and height(180) are both fixed numbers,
       maybe you don't need to use a ResponsiveContainer. (<anonymous>)
 GET /reports/zamani-traffic 200 in 291ms (next.js: 198ms, application-code: 93ms)
[browser] The width(180) and height(180) are both fixed numbers,
       maybe you don't need to use a ResponsiveContainer.
[browser] The width(180) and height(180) are both fixed numbers,
       maybe you don't need to use a ResponsiveContainer.
[browser] The width(180) and height(180) are both fixed numbers,
       maybe you don't need to use a ResponsiveContainer.
[browser] The width(180) and height(180) are both fixed numbers,
       maybe you don't need to use a ResponsiveContainer.
[browser] The width(180) and height(180) are both fixed numbers,
       maybe you don't need to use a ResponsiveContainer.
[browser] The width(180) and height(180) are both fixed numbers,
       maybe you don't need to use a ResponsiveContainer.
[browser] The width(180) and height(180) are both fixed numbers,
       maybe you don't need to use a ResponsiveContainer.
[browser] The width(180) and height(180) are both fixed numbers,
       maybe you don't need to use a ResponsiveContainer.
✓ Compiled in 211ms
[browser] The width(180) and height(180) are both fixed numbers,
       maybe you don't need to use a ResponsiveContainer.
[browser] The width(180) and height(180) are both fixed numbers,
       maybe you don't need to use a ResponsiveContainer.
[browser] The width(180) and height(180) are both fixed numbers,
       maybe you don't need to use a ResponsiveContainer.
[browser] The width(180) and height(180) are both fixed numbers,
       maybe you don't need to use a ResponsiveContainer.
[browser] [Socket] Connection error: websocket error 
    at Socket.<anonymous> (lib/socket.ts:45:13)
  43 |
  44 |   _socket.on('connect_error', (err) => {
> 45 |     console.error('[Socket] Connection error:', err.message);
     |             ^
  46 |   });
  47 |
  48 |   return _socket; (lib/socket.ts:45:13)
[browser] [Socket] Connection error: websocket error 
    at Socket.<anonymous> (lib/socket.ts:45:13)
  43 |
  44 |   _socket.on('connect_error', (err) => {
> 45 |     console.error('[Socket] Connection error:', err.message);
     |             ^
  46 |   });
  47 |
  48 |   return _socket; (lib/socket.ts:45:13)
[browser] [Socket] Connection error: websocket error 
    at Socket.<anonymous> (lib/socket.ts:45:13)
  43 |
  44 |   _socket.on('connect_error', (err) => {
> 45 |     console.error('[Socket] Connection error:', err.message);
     |             ^
  46 |   });
  47 |
  48 |   return _socket; (lib/socket.ts:45:13)
[browser] [Socket] Connection error: websocket error 
    at Socket.<anonymous> (lib/socket.ts:45:13)
  43 |
  44 |   _socket.on('connect_error', (err) => {
> 45 |     console.error('[Socket] Connection error:', err.message);
     |             ^
  46 |   });
  47 |
  48 |   return _socket; (lib/socket.ts:45:13)
[browser] [Socket] Connection error: websocket error 
    at Socket.<anonymous> (lib/socket.ts:45:13)
  43 |
  44 |   _socket.on('connect_error', (err) => {
> 45 |     console.error('[Socket] Connection error:', err.message);
     |             ^
  46 |   });
  47 |
  48 |   return _socket; (lib/socket.ts:45:13)
✓ Compiled in 465ms
 GET /reports/zamani-traffic 200 in 326ms (next.js: 209ms, application-code: 117ms)
 GET /reports/zamani-traffic 200 in 675ms (next.js: 5ms, application-code: 670ms)
 GET /login 200 in 65ms (next.js: 17ms, application-code: 48ms)
 GET / 200 in 58ms (next.js: 21ms, application-code: 37ms)
 GET /reports/zamani-traffic 200 in 47ms (next.js: 9ms, application-code: 38ms)
 GET /dashboard/40e661e9-90b7-499d-8350-4b08faf283e7 200 in 1149ms (next.js: 1095ms, application-code: 54ms)
 GET /admin/datasets 200 in 116ms (next.js: 66ms, application-code: 49ms)
 GET /reports/zamani-traffic 200 in 56ms (next.js: 5ms, application-code: 51ms)
 GET /reports/zamani-traffic 200 in 84ms (next.js: 11ms, application-code: 73ms)
 GET /login 200 in 48ms (next.js: 8ms, application-code: 39ms)
 GET / 200 in 39ms (next.js: 6ms, application-code: 33ms)
 GET /reports/zamani-traffic 200 in 53ms (next.js: 10ms, application-code: 42ms)
