[31m[Nest] 37304  - [39m05/12/2026, 9:56:40 AM [31m  ERROR[39m [38;5;3m[ExceptionsHandler] [39m[31mCannot read properties of undefined (reading 'databaseName')[39m
TypeError: Cannot read properties of undefined (reading 'databaseName')
    at C:\Users\bidbadmin\PyCharmMiscProject\AMS\backend\node_modules\typeorm\query-builder\SelectQueryBuilder.js:2149:123
    at Array.map (<anonymous>)
    at SelectQueryBuilder.createOrderByCombinedWithSelectExpression (C:\Users\bidbadmin\PyCharmMiscProject\AMS\backend\node_modules\typeorm\query-builder\SelectQueryBuilder.js:2140:14)
    at SelectQueryBuilder.executeEntitiesAndRawResults (C:\Users\bidbadmin\PyCharmMiscProject\AMS\backend\node_modules\typeorm\query-builder\SelectQueryBuilder.js:1995:46)
    at SelectQueryBuilder.getManyAndCount (C:\Users\bidbadmin\PyCharmMiscProject\AMS\backend\node_modules\typeorm\query-builder\SelectQueryBuilder.js:828:47)
    at NotificationsService.findAll (C:\Users\bidbadmin\PyCharmMiscProject\AMS\backend\dist\notifications\notifications.service.js:198:40)
    at NotificationsController.findAll (C:\Users\bidbadmin\PyCharmMiscProject\AMS\backend\dist\notifications\notifications.controller.js:39:42)
    at C:\Users\bidbadmin\PyCharmMiscProject\AMS\backend\node_modules\@nestjs\core\router\router-execution-context.js:38:29
    at process.processTicksAndRejections (node:internal/process/task_queues:95:5)
[31m[Nest] 37304  - [39m05/12/2026, 9:56:41 AM [31m  ERROR[39m [38;5;3m[ExceptionsHandler] [39m[31mCannot read properties of undefined (reading 'databaseName')[39m
TypeError: Cannot read properties of undefined (reading 'databaseName')
    at C:\Users\bidbadmin\PyCharmMiscProject\AMS\backend\node_modules\typeorm\query-builder\SelectQueryBuilder.js:2149:123
    at Array.map (<anonymous>)
    at SelectQueryBuilder.createOrderByCombinedWithSelectExpression (C:\Users\bidbadmin\PyCharmMiscProject\AMS\backend\node_modules\typeorm\query-builder\SelectQueryBuilder.js:2140:14)
    at SelectQueryBuilder.executeEntitiesAndRawResults (C:\Users\bidbadmin\PyCharmMiscProject\AMS\backend\node_modules\typeorm\query-builder\SelectQueryBuilder.js:1995:46)
    at SelectQueryBuilder.getManyAndCount (C:\Users\bidbadmin\PyCharmMiscProject\AMS\backend\node_modules\typeorm\query-builder\SelectQueryBuilder.js:828:47)
    at NotificationsService.findAll (C:\Users\bidbadmin\PyCharmMiscProject\AMS\backend\dist\notifications\notifications.service.js:198:40)
    at NotificationsController.findAll (C:\Users\bidbadmin\PyCharmMiscProject\AMS\backend\dist\notifications\notifications.controller.js:39:42)
    at C:\Users\bidbadmin\PyCharmMiscProject\AMS\backend\node_modules\@nestjs\core\router\router-execution-context.js:38:29
    at process.processTicksAndRejections (node:internal/process/task_queues:95:5)
[31m[Nest] 37304  - [39m05/12/2026, 9:56:47 AM [31m  ERROR[39m [38;5;3m[ExceptionsHandler] [39m[31mCannot read properties of undefined (reading 'databaseName')[39m
TypeError: Cannot read properties of undefined (reading 'databaseName')
    at C:\Users\bidbadmin\PyCharmMiscProject\AMS\backend\node_modules\typeorm\query-builder\SelectQueryBuilder.js:2149:123
    at Array.map (<anonymous>)
    at SelectQueryBuilder.createOrderByCombinedWithSelectExpression (C:\Users\bidbadmin\PyCharmMiscProject\AMS\backend\node_modules\typeorm\query-builder\SelectQueryBuilder.js:2140:14)
    at SelectQueryBuilder.executeEntitiesAndRawResults (C:\Users\bidbadmin\PyCharmMiscProject\AMS\backend\node_modules\typeorm\query-builder\SelectQueryBuilder.js:1995:46)
    at SelectQueryBuilder.getManyAndCount (C:\Users\bidbadmin\PyCharmMiscProject\AMS\backend\node_modules\typeorm\query-builder\SelectQueryBuilder.js:828:47)
    at NotificationsService.findAll (C:\Users\bidbadmin\PyCharmMiscProject\AMS\backend\dist\notifications\notifications.service.js:198:40)
    at NotificationsController.findAll (C:\Users\bidbadmin\PyCharmMiscProject\AMS\backend\dist\notifications\notifications.controller.js:39:42)
    at C:\Users\bidbadmin\PyCharmMiscProject\AMS\backend\node_modules\@nestjs\core\router\router-execution-context.js:38:29
    at process.processTicksAndRejections (node:internal/process/task_queues:95:5)
[31m[Nest] 37304  - [39m05/12/2026, 9:56:48 AM [31m  ERROR[39m [38;5;3m[ExceptionsHandler] [39m[31mCannot read properties of undefined (reading 'databaseName')[39m
TypeError: Cannot read properties of undefined (reading 'databaseName')
    at C:\Users\bidbadmin\PyCharmMiscProject\AMS\backend\node_modules\typeorm\query-builder\SelectQueryBuilder.js:2149:123
    at Array.map (<anonymous>)
    at SelectQueryBuilder.createOrderByCombinedWithSelectExpression (C:\Users\bidbadmin\PyCharmMiscProject\AMS\backend\node_modules\typeorm\query-builder\SelectQueryBuilder.js:2140:14)
    at SelectQueryBuilder.executeEntitiesAndRawResults (C:\Users\bidbadmin\PyCharmMiscProject\AMS\backend\node_modules\typeorm\query-builder\SelectQueryBuilder.js:1995:46)
    at SelectQueryBuilder.getManyAndCount (C:\Users\bidbadmin\PyCharmMiscProject\AMS\backend\node_modules\typeorm\query-builder\SelectQueryBuilder.js:828:47)
    at NotificationsService.findAll (C:\Users\bidbadmin\PyCharmMiscProject\AMS\backend\dist\notifications\notifications.service.js:198:40)
    at NotificationsController.findAll (C:\Users\bidbadmin\PyCharmMiscProject\AMS\backend\dist\notifications\notifications.controller.js:39:42)
    at C:\Users\bidbadmin\PyCharmMiscProject\AMS\backend\node_modules\@nestjs\core\router\router-execution-context.js:38:29
    at process.processTicksAndRejections (node:internal/process/task_queues:95:5)
